10|Z3[]\/[] ||D$|_|[]\/[] |)010|Z $|'][' @[]\/[]3'][', (0[]\[]$3(']['3']['|_||Z @|)||D|$(|[]\[]6 31|'][', $3|) |)0 3||_|$[]\/[]0|) ']['3[]\/[]|D0|Z |[]\[](||)||)|_|[]\[]'][' |_|'][' 1@80|Z3 3'][' |)010|Z3 []\/[]@6[]\[]@ @1|(,)|_|@. |_|'][' 3[]\[]|[]\/[] @|) []\/[]|[]\[]|[]\/[] \/3[]\[]|@[]\/[], (,)|_||$ []\[]0$']['|Z|_||) 3}{3|Z(|']['@']['|0[]\[] |_|11@[]\/[](0 1@80|Z|$ []\[]|$| |_|'][' @1|(,)|_|||D 3}{ 3@ (0[]\/[][]\/[]0|)0 (0[]\[]$3(,)|_|@']['. |)|_||$ @|_|']['3 ||Z|_||Z3 |)010|Z |[]\[] |Z3|D|Z3[-]3[]\[]|)3|Z|'][' |[]\[] \/01|_||D']['@']['3 \/31|'][' 3$$3 (|11|_|[]\/[] |)010|Z3 3|_| #|_|6|@'][' []\[]|_|11@ |D@|Z|@']['|_||Z. 3}{(3|D']['3|_||Z $|[]\[]'][' 0((@3(@'][' (|_||D||)@']['@'][' []\[]0[]\[] |D|Z0||)3[]\[]'][', $|_|[]\[]'][' |[]\[] (|_|1|D@ (,)|_|| 0##|(|@ |)3$3|Z|_|[]\[]'][' []\/[]011|'][' @[]\[]|[]\/[] ||) 3$'][' 1@80|Z|_|[]\/[].
